
Merging program properties


Discarded input sections

 .rodata.cst4   0x0000000000000000        0x4 /usr/lib/gcc/aarch64-poky-linux/11.3.0/../../../Scrt1.o
 .data          0x0000000000000000        0x4 /usr/lib/gcc/aarch64-poky-linux/11.3.0/../../../Scrt1.o
 .bss           0x0000000000000000        0x0 /usr/lib/gcc/aarch64-poky-linux/11.3.0/../../../Scrt1.o
 .note.GNU-stack
                0x0000000000000000        0x0 /usr/lib/gcc/aarch64-poky-linux/11.3.0/../../../Scrt1.o
 .data          0x0000000000000000        0x0 /usr/lib/gcc/aarch64-poky-linux/11.3.0/../../../crti.o
 .bss           0x0000000000000000        0x0 /usr/lib/gcc/aarch64-poky-linux/11.3.0/../../../crti.o
 .note.gnu.property
                0x0000000000000000       0x20 /usr/lib/gcc/aarch64-poky-linux/11.3.0/../../../crti.o
 .note.GNU-stack
                0x0000000000000000        0x0 /usr/lib/gcc/aarch64-poky-linux/11.3.0/../../../crti.o
 .data          0x0000000000000000        0x0 /usr/lib/gcc/aarch64-poky-linux/11.3.0/../../../aarch64-poky-linux/11.3.0/crtbeginS.o
 .note.GNU-stack
                0x0000000000000000        0x0 /usr/lib/gcc/aarch64-poky-linux/11.3.0/../../../aarch64-poky-linux/11.3.0/crtbeginS.o
 .note.gnu.property
                0x0000000000000000       0x20 /usr/lib/gcc/aarch64-poky-linux/11.3.0/../../../aarch64-poky-linux/11.3.0/crtbeginS.o
 .group         0x0000000000000000        0xc build/dummy.o
 .group         0x0000000000000000        0xc build/dummy.o
 .group         0x0000000000000000        0xc build/dummy.o
 .group         0x0000000000000000        0xc build/dummy.o
 .group         0x0000000000000000        0xc build/dummy.o
 .group         0x0000000000000000        0xc build/dummy.o
 .group         0x0000000000000000        0xc build/dummy.o
 .group         0x0000000000000000        0xc build/dummy.o
 .group         0x0000000000000000        0xc build/dummy.o
 .group         0x0000000000000000        0xc build/dummy.o
 .group         0x0000000000000000        0xc build/dummy.o
 .group         0x0000000000000000        0xc build/dummy.o
 .group         0x0000000000000000        0xc build/dummy.o
 .group         0x0000000000000000        0xc build/dummy.o
 .group         0x0000000000000000        0xc build/dummy.o
 .group         0x0000000000000000        0xc build/dummy.o
 .group         0x0000000000000000        0xc build/dummy.o
 .group         0x0000000000000000        0xc build/dummy.o
 .group         0x0000000000000000        0xc build/dummy.o
 .group         0x0000000000000000        0xc build/dummy.o
 .group         0x0000000000000000        0xc build/dummy.o
 .group         0x0000000000000000        0xc build/dummy.o
 .group         0x0000000000000000        0xc build/dummy.o
 .group         0x0000000000000000        0xc build/dummy.o
 .group         0x0000000000000000        0xc build/dummy.o
 .group         0x0000000000000000        0xc build/dummy.o
 .group         0x0000000000000000        0xc build/dummy.o
 .text          0x0000000000000000        0x8 build/dummy.o
 .data          0x0000000000000000        0x0 build/dummy.o
 .note.GNU-stack
                0x0000000000000000        0x0 build/dummy.o
 .note.gnu.property
                0x0000000000000000       0x20 build/dummy.o
 .group         0x0000000000000000        0xc build/am_map.o
 .group         0x0000000000000000        0xc build/am_map.o
 .group         0x0000000000000000        0xc build/am_map.o
 .group         0x0000000000000000        0xc build/am_map.o
 .group         0x0000000000000000        0xc build/am_map.o
 .group         0x0000000000000000        0xc build/am_map.o
 .group         0x0000000000000000        0xc build/am_map.o
 .group         0x0000000000000000        0xc build/am_map.o
 .group         0x0000000000000000        0xc build/am_map.o
 .group         0x0000000000000000        0xc build/am_map.o
 .group         0x0000000000000000        0xc build/am_map.o
 .group         0x0000000000000000        0xc build/am_map.o
 .group         0x0000000000000000        0xc build/am_map.o
 .group         0x0000000000000000        0xc build/am_map.o
 .group         0x0000000000000000        0xc build/am_map.o
 .group         0x0000000000000000        0xc build/am_map.o
 .group         0x0000000000000000        0xc build/am_map.o
 .group         0x0000000000000000        0xc build/am_map.o
 .group         0x0000000000000000        0xc build/am_map.o
 .group         0x0000000000000000        0xc build/am_map.o
 .group         0x0000000000000000        0xc build/am_map.o
 .group         0x0000000000000000        0xc build/am_map.o
 .group         0x0000000000000000        0xc build/am_map.o
 .group         0x0000000000000000        0xc build/am_map.o
 .group         0x0000000000000000        0xc build/am_map.o
 .group         0x0000000000000000        0xc build/am_map.o
 .group         0x0000000000000000        0xc build/am_map.o
 .group         0x0000000000000000        0xc build/am_map.o
[...]
Memory Configuration

Name             Origin             Length             Attributes
*default*        0x0000000000000000 0xffffffffffffffff

Linker script and memory map

LOAD /usr/lib/gcc/aarch64-poky-linux/11.3.0/../../../Scrt1.o
LOAD /usr/lib/gcc/aarch64-poky-linux/11.3.0/../../../crti.o
LOAD /usr/lib/gcc/aarch64-poky-linux/11.3.0/../../../aarch64-poky-linux/11.3.0/crtbeginS.o
LOAD build/dummy.o
LOAD build/am_map.o
LOAD build/doomdef.o
LOAD build/doomstat.o
LOAD build/dstrings.o
LOAD build/d_event.o
LOAD build/d_items.o
LOAD build/d_iwad.o
LOAD build/d_loop.o
LOAD build/d_main.o
LOAD build/d_mode.o
LOAD build/d_net.o
LOAD build/f_finale.o
LOAD build/f_wipe.o
LOAD build/g_game.o
LOAD build/hu_lib.o
LOAD build/hu_stuff.o
LOAD build/info.o
LOAD build/i_cdmus.o
LOAD build/i_endoom.o
LOAD build/i_joystick.o
LOAD build/i_scale.o
LOAD build/i_sound.o
LOAD build/i_system.o
LOAD build/i_timer.o
LOAD build/memio.o
LOAD build/m_argv.o
LOAD build/m_bbox.o
LOAD build/m_cheat.o
LOAD build/m_config.o
LOAD build/m_controls.o
LOAD build/m_fixed.o
LOAD build/m_menu.o
LOAD build/m_misc.o
LOAD build/m_random.o
LOAD build/p_ceilng.o
LOAD build/p_doors.o
LOAD build/p_enemy.o
LOAD build/p_floor.o
LOAD build/p_inter.o
LOAD build/p_lights.o
LOAD build/p_map.o
LOAD build/p_maputl.o
LOAD build/p_mobj.o
LOAD build/p_plats.o
LOAD build/p_pspr.o
LOAD build/p_saveg.o
LOAD build/p_setup.o
LOAD build/p_sight.o
LOAD build/p_spec.o
LOAD build/p_switch.o
LOAD build/p_telept.o
LOAD build/p_tick.o
LOAD build/p_user.o
LOAD build/r_bsp.o
LOAD build/r_data.o
LOAD build/r_draw.o
LOAD build/r_main.o
LOAD build/r_plane.o
LOAD build/r_segs.o
LOAD build/r_sky.o
LOAD build/r_things.o
LOAD build/sha1.o
LOAD build/sounds.o
LOAD build/statdump.o
LOAD build/st_lib.o
LOAD build/st_stuff.o
LOAD build/s_sound.o
LOAD build/tables.o
LOAD build/v_video.o
LOAD build/wi_stuff.o
LOAD build/w_checksum.o
LOAD build/w_file.o
LOAD build/w_main.o
LOAD build/w_wad.o
LOAD build/z_zone.o
LOAD build/w_file_stdc.o
LOAD build/i_input.o
LOAD build/i_video.o
LOAD build/doomgeneric.o
LOAD build/doomgeneric_xlib.o
LOAD /usr/lib/gcc/aarch64-poky-linux/11.3.0/../../../libm.so
LOAD /usr/lib/gcc/aarch64-poky-linux/11.3.0/../../../libc.so
START GROUP
LOAD /lib/libc.so.6
LOAD /usr/lib/libc_nonshared.a
LOAD /lib/ld-linux-aarch64.so.1
END GROUP
LOAD /usr/lib/gcc/aarch64-poky-linux/11.3.0/../../../libX11.so
LOAD /usr/local/lib/libSDL2.so
LOAD /usr/lib/gcc/aarch64-poky-linux/11.3.0/../../../aarch64-poky-linux/11.3.0/libgcc.a
LOAD /lib/libgcc_s.so
START GROUP
LOAD /lib/libgcc_s.so.1
LOAD /usr/lib/gcc/aarch64-poky-linux/11.3.0/../../../aarch64-poky-linux/11.3.0/libgcc.a
END GROUP
LOAD /usr/lib/gcc/aarch64-poky-linux/11.3.0/../../../libc.so
START GROUP
LOAD /lib/libc.so.6
LOAD /usr/lib/libc_nonshared.a
LOAD /lib/ld-linux-aarch64.so.1
END GROUP
LOAD /usr/lib/gcc/aarch64-poky-linux/11.3.0/../../../aarch64-poky-linux/11.3.0/libgcc.a
LOAD /lib/libgcc_s.so
START GROUP
LOAD /lib/libgcc_s.so.1
LOAD /usr/lib/gcc/aarch64-poky-linux/11.3.0/../../../aarch64-poky-linux/11.3.0/libgcc.a
END GROUP
LOAD /usr/lib/gcc/aarch64-poky-linux/11.3.0/../../../aarch64-poky-linux/11.3.0/crtendS.o
LOAD /usr/lib/gcc/aarch64-poky-linux/11.3.0/../../../crtn.o
                [!provide]                        PROVIDE (__executable_start = SEGMENT_START ("text-segment", 0x0))
                0x00000000000002a8                . = (SEGMENT_START ("text-segment", 0x0) + SIZEOF_HEADERS)

.interp         0x00000000000002a8       0x1b
 *(.interp)
 .interp        0x00000000000002a8       0x1b /usr/lib/gcc/aarch64-poky-linux/11.3.0/../../../Scrt1.o

.note.gnu.property
                0x00000000000002c8       0x20
 .note.gnu.property
                0x00000000000002c8       0x20 /usr/lib/gcc/aarch64-poky-linux/11.3.0/../../../Scrt1.o

.note.gnu.build-id
                0x00000000000002e8       0x24
 *(.note.gnu.build-id)
 .note.gnu.build-id
                0x00000000000002e8       0x24 /usr/lib/gcc/aarch64-poky-linux/11.3.0/../../../Scrt1.o

.note.ABI-tag   0x000000000000030c       0x20
 .note.ABI-tag  0x000000000000030c       0x20 /usr/lib/gcc/aarch64-poky-linux/11.3.0/../../../Scrt1.o

.hash
 *(.hash)

.gnu.hash       0x0000000000000330       0x1c
 *(.gnu.hash)
 .gnu.hash      0x0000000000000330       0x1c /usr/lib/gcc/aarch64-poky-linux/11.3.0/../../../Scrt1.o

.dynsym         0x0000000000000350      0x678
 *(.dynsym)
 .dynsym        0x0000000000000350      0x678 /usr/lib/gcc/aarch64-poky-linux/11.3.0/../../../Scrt1.o

.dynstr         0x00000000000009c8      0x2c8
 *(.dynstr)
 .dynstr        0x00000000000009c8      0x2c8 /usr/lib/gcc/aarch64-poky-linux/11.3.0/../../../Scrt1.o

.gnu.version    0x0000000000000c90       0x8a
 *(.gnu.version)
 .gnu.version   0x0000000000000c90       0x8a /usr/lib/gcc/aarch64-poky-linux/11.3.0/../../../Scrt1.o

.gnu.version_d  0x0000000000000d20        0x0
 *(.gnu.version_d)
 .gnu.version_d
                0x0000000000000d20        0x0 /usr/lib/gcc/aarch64-poky-linux/11.3.0/../../../Scrt1.o

.gnu.version_r  0x0000000000000d20       0x30
 *(.gnu.version_r)
 .gnu.version_r
                0x0000000000000d20       0x30 /usr/lib/gcc/aarch64-poky-linux/11.3.0/../../../Scrt1.o

.rela.dyn       0x0000000000000d50     0x9480
 *(.rela.init)
 *(.rela.text .rela.text.* .rela.gnu.linkonce.t.*)
 *(.rela.fini)
 *(.rela.rodata .rela.rodata.* .rela.gnu.linkonce.r.*)
 *(.rela.data .rela.data.* .rela.gnu.linkonce.d.*)
 .rela.data.rel.ro
                0x0000000000000d50      0x1b0 /usr/lib/gcc/aarch64-poky-linux/11.3.0/../../../Scrt1.o
 .rela.data.rel.local
                0x0000000000000f00     0x4248 /usr/lib/gcc/aarch64-poky-linux/11.3.0/../../../Scrt1.o
 .rela.data.rel.ro.local
                0x0000000000005148      0x630 /usr/lib/gcc/aarch64-poky-linux/11.3.0/../../../Scrt1.o
 .rela.data.rel
                0x0000000000005778     0x2a60 /usr/lib/gcc/aarch64-poky-linux/11.3.0/../../../Scrt1.o
 *(.rela.tdata .rela.tdata.* .rela.gnu.linkonce.td.*)
 *(.rela.tbss .rela.tbss.* .rela.gnu.linkonce.tb.*)
 *(.rela.ctors)
 *(.rela.dtors)
 *(.rela.got)
 .rela.got      0x00000000000081d8     0x1fc8 /usr/lib/gcc/aarch64-poky-linux/11.3.0/../../../Scrt1.o
 *(.rela.bss .rela.bss.* .rela.gnu.linkonce.b.*)
 .rela.bss      0x000000000000a1a0        0x0 /usr/lib/gcc/aarch64-poky-linux/11.3.0/../../../Scrt1.o
 *(.rela.ifunc)
 .rela.ifunc    0x000000000000a1a0        0x0 /usr/lib/gcc/aarch64-poky-linux/11.3.0/../../../Scrt1.o
 .rela.fini_array
                0x000000000000a1a0       0x18 /usr/lib/gcc/aarch64-poky-linux/11.3.0/../../../Scrt1.o
 .rela.init_array
                0x000000000000a1b8       0x18 /usr/lib/gcc/aarch64-poky-linux/11.3.0/../../../Scrt1.o

.rela.plt       0x000000000000a1d0      0x5e8
 *(.rela.plt)
 .rela.plt      0x000000000000a1d0      0x5e8 /usr/lib/gcc/aarch64-poky-linux/11.3.0/../../../Scrt1.o
 *(.rela.iplt)

.init           0x000000000000a7b8       0x1c
 *(SORT_NONE(.init))
 .init          0x000000000000a7b8       0x10 /usr/lib/gcc/aarch64-poky-linux/11.3.0/../../../crti.o
                0x000000000000a7b8                _init
 .init          0x000000000000a7c8        0xc /usr/lib/gcc/aarch64-poky-linux/11.3.0/../../../crtn.o

.plt            0x000000000000a7e0      0x410
 *(.plt)
 .plt           0x000000000000a7e0      0x410 /usr/lib/gcc/aarch64-poky-linux/11.3.0/../../../Scrt1.o
 *(.iplt)

.text           0x000000000000ac00    0x2bb18
 *(.text.unlikely .text.*_unlikely .text.unlikely.*)
 *(.text.exit .text.exit.*)
 *(.text.startup .text.startup.*)
 .text.startup  0x000000000000ac00       0x18 build/doomgeneric_xlib.o
                0x000000000000ac00                main
 *(.text.hot .text.hot.*)
 *(SORT_BY_NAME(.text.sorted.*))
 *(.text .stub .text.* .gnu.linkonce.t.*)
 *fill*         0x000000000000ac18       0x28 1f2003d5
 .text          0x000000000000ac40       0x34 /usr/lib/gcc/aarch64-poky-linux/11.3.0/../../../Scrt1.o
                0x000000000000ac40                _start
 .text          0x000000000000ac74       0x14 /usr/lib/gcc/aarch64-poky-linux/11.3.0/../../../crti.o
 *fill*         0x000000000000ac88        0x8 1f2003d5
 .text          0x000000000000ac90       0xc8 /usr/lib/gcc/aarch64-poky-linux/11.3.0/../../../aarch64-poky-linux/11.3.0/crtbeginS.o
 .text          0x000000000000ad58     0x1c74 build/am_map.o
                0x000000000000ad58                AM_getIslope
                0x000000000000ade4                AM_activateNewScale
                0x000000000000ae94                AM_saveScaleAndLoc
                0x000000000000aec4                AM_restoreScaleAndLoc
                0x000000000000af74                AM_addMark
                0x000000000000afd4                AM_findMinMaxBoundaries
                0x000000000000b134                AM_changeWindowLoc
                0x000000000000b208                AM_initVariables
                0x000000000000b354                AM_loadPics
                0x000000000000b3c8                AM_unloadPics
                0x000000000000b428                AM_clearMarks
                0x000000000000b45c                AM_LevelInit
                0x000000000000b4e8                AM_Stop
                0x000000000000b52c                AM_Start
                0x000000000000b5c8                AM_minOutWindowScale
                0x000000000000b608                AM_maxOutWindowScale
                0x000000000000b648                AM_Responder
                0x000000000000ba88                AM_changeWindowScale
                0x000000000000bb14                AM_doFollowPlayer
                0x000000000000bbf4                AM_updateLightLev
                0x000000000000bc4c                AM_Ticker
                0x000000000000bccc                AM_clearFB
                0x000000000000bcf0                AM_clipMline
                0x000000000000c064                AM_drawFline
                0x000000000000c18c                AM_drawMline
                0x000000000000c1e0                AM_drawGrid
                0x000000000000c318                AM_drawWalls
                0x000000000000c45c                AM_rotate
                0x000000000000c500                AM_drawLineCharacter
                0x000000000000c648                AM_drawPlayers
                0x000000000000c778                AM_drawThings
                0x000000000000c820                AM_drawMarks
                0x000000000000c90c                AM_drawCrosshair
                0x000000000000c934                AM_Drawer
 .text          0x000000000000c9cc       0x98 build/d_event.o
                0x000000000000c9cc                D_PostEvent
                0x000000000000ca18                D_PopEvent
 .text          0x000000000000ca64      0x568 build/d_iwad.o
                0x000000000000cb0c                D_FindWADByName
                0x000000000000cc00                D_TryFindWADByName
                0x000000000000cc30                D_FindIWAD
                0x000000000000ce38                D_FindAllIWADs
                0x000000000000cec0                D_SaveGameIWADName
                0x000000000000cf0c                D_SuggestIWADName
                0x000000000000cf68                D_SuggestGameName
 .text          0x000000000000cfcc      0x6b0 build/d_loop.o
                0x000000000000cfcc                D_QuitNetGame
                0x000000000000d180                NetUpdate
                0x000000000000d200                D_ReceiveTic
                0x000000000000d2d8                D_StartGameLoop
                0x000000000000d308                D_StartNetGame
                0x000000000000d340                D_InitNetGame
                0x000000000000d384                TryRunTics
                0x000000000000d66c                D_RegisterLoopCallbacks
 .text          0x000000000000d67c     0x19e4 build/d_main.o
                0x000000000000d67c                D_GrabMouseCallback
                0x000000000000d764                D_ProcessEvents
                0x000000000000d7b8                D_BindVariables
                0x000000000000d938                D_PageTicker
                0x000000000000d960                D_PageDrawer
                0x000000000000d994                D_Display
                0x000000000000de18                doomgeneric_Tick
                0x000000000000de78                D_DoomLoop
                0x000000000000df64                D_AdvanceDemo
                0x000000000000df78                D_DoAdvanceDemo
                0x000000000000e1c0                D_StartTitle
                0x000000000000e1ec                D_IdentifyVersion
                0x000000000000e42c                D_SetGameDescription
                0x000000000000e56c                PrintDehackedBanners
                0x000000000000e574                PrintGameVersion
                0x000000000000e5b8                D_DoomMain
 .text          0x000000000000f060      0x264 build/d_mode.o
                0x000000000000f060                D_ValidGameMode
                0x000000000000f0a4                D_ValidEpisodeMap
                0x000000000000f154                D_GetNumEpisodes
                0x000000000000f194                D_ValidGameVersion
                0x000000000000f1e8                D_IsEpisodeMap
                0x000000000000f204                D_GameMissionString
 .text          0x000000000000f2c4      0x524 build/d_net.o
                0x000000000000f3e4                D_ConnectNetGame
                0x000000000000f508                D_CheckNetGame
 .text          0x000000000000f7e8      0xd68 build/f_finale.o
                0x000000000000f7e8                F_StartFinale
                0x000000000000f944                F_TextWrite
                0x000000000000fa88                F_StartCast
                0x000000000000fb08                F_CastTicker
                0x000000000000fee0                F_Ticker
                0x0000000000010028                F_CastResponder
                0x00000000000100e4                F_Responder
                0x0000000000010104                F_CastPrint
                0x00000000000101cc                F_CastDrawer
                0x0000000000010298                F_DrawPatchCol
                0x0000000000010314                F_BunnyScroll
                0x000000000001048c                F_Drawer
 .text          0x0000000000010550      0x56c build/f_wipe.o
                0x0000000000010550                wipe_doColorXForm
                0x00000000000105cc                wipe_exitColorXForm
                0x00000000000105d8                wipe_doMelt
                0x00000000000106d0                wipe_initColorXForm
                0x000000000001070c                wipe_exitMelt
                0x0000000000010750                wipe_shittyColMajorXform
                0x0000000000010804                wipe_initMelt
                0x0000000000010920                wipe_StartScreen
                0x0000000000010958                wipe_EndScreen
                0x00000000000109d4                wipe_ScreenWipe
 .text          0x0000000000010abc     0x2bdc build/g_game.o
                0x0000000000010abc                G_CmdChecksum
                0x0000000000010ad4                G_BuildTiccmd
                0x00000000000113ac                G_DoLoadLevel
                0x000000000001156c                G_Responder
                0x000000000001190c                G_PlayerFinishLevel
                0x0000000000011970                G_PlayerReborn
                0x0000000000011a20                G_InitPlayer
                0x0000000000011a28                G_CheckSpot
                0x0000000000011cb8                G_DeathMatchSpawnPlayer
                0x0000000000011d90                G_DoReborn
                0x0000000000011e9c                G_ScreenShot
                0x0000000000011eb0                G_ExitLevel
                0x0000000000011ecc                G_SecretExitLevel
                0x0000000000011f40                G_DoCompleted
                0x000000000001222c                G_WorldDone
                0x00000000000122b0                G_DoWorldDone
                0x00000000000122f8                G_LoadGame
                0x0000000000012338                G_SaveGame
                0x0000000000012378                G_DoSaveGame
                0x00000000000124ec                G_DeferedInitNew
                0x0000000000012510                G_InitNew
                0x00000000000127b0                G_DoLoadGame
                0x00000000000128ac                G_DoNewGame
                0x0000000000012928                G_RecordDemo
                0x00000000000129f4                G_VanillaVersionCode
                0x0000000000012a7c                G_BeginRecording
                0x0000000000012bdc                G_DeferedPlayDemo
                0x0000000000012bf8                G_DoPlayDemo
                0x0000000000012e8c                G_TimeDemo
                0x0000000000012ee8                G_CheckDemoStatus
                0x0000000000013020                G_ReadDemoTiccmd
                0x00000000000130bc                G_WriteDemoTiccmd
                0x0000000000013228                G_Ticker
 .text          0x0000000000013698      0x6c4 build/hu_lib.o
                0x0000000000013698                HUlib_init
                0x00000000000136a0                HUlib_clearTextLine
                0x00000000000136b4                HUlib_initTextLine
                0x00000000000136d4                HUlib_addCharToTextLine
                0x0000000000013718                HUlib_delCharFromTextLine
                0x000000000001374c                HUlib_drawTextLine
                0x0000000000013850                HUlib_eraseTextLine
                0x0000000000013964                HUlib_initSText
                0x00000000000139bc                HUlib_addLineToSText
                0x0000000000013a18                HUlib_addMessageToSText
                0x0000000000013a84                HUlib_drawSText
                0x0000000000013af8                HUlib_eraseSText
                0x0000000000013b74                HUlib_initIText
                0x0000000000013ba4                HUlib_delCharFromIText
                0x0000000000013bc0                HUlib_eraseLineFromIText
                0x0000000000013c0c                HUlib_resetIText
                0x0000000000013c24                HUlib_addPrefixToIText
                0x0000000000013c78                HUlib_keyInIText
                0x0000000000013cec                HUlib_drawIText
                0x0000000000013d08                HUlib_eraseIText
 .text          0x0000000000013d5c      0x8c8 build/hu_stuff.o
                0x0000000000013d5c                HU_Init
                0x0000000000013dcc                HU_Stop
                0x0000000000013ddc                HU_Start
                0x0000000000014028                HU_Drawer
                0x0000000000014088                HU_Erase
                0x00000000000140c4                HU_Ticker
                0x00000000000142b0                HU_queueChatChar
                0x00000000000142fc                HU_dequeueChatChar
                0x0000000000014338                HU_Responder
 .text          0x0000000000014624        0x8 build/i_endoom.o
                0x0000000000014624                I_Endoom
 .text          0x000000000001462c      0x114 build/i_joystick.o
                0x000000000001462c                I_ShutdownJoystick
                0x0000000000014634                I_InitJoystick
                0x000000000001463c                I_UpdateJoystick
                0x0000000000014644                I_BindJoystickVariables
 .text          0x0000000000014740      0x2fc build/i_sound.o
                0x0000000000014740                I_InitSound
                0x00000000000147b4                I_ShutdownSound
                0x00000000000147d4                I_GetSfxLumpNum
                0x00000000000147f8                I_UpdateSound
                0x0000000000014818                I_UpdateSoundParams
                0x0000000000014860                I_StartSound
                0x00000000000148ac                I_StopSound
                0x00000000000148cc                I_SoundIsPlaying
                0x00000000000148f0                I_PrecacheSounds
                0x0000000000014914                I_InitMusic
                0x000000000001491c                I_ShutdownMusic
                0x0000000000014924                I_SetMusicVolume
                0x000000000001492c                I_PauseSong
                0x0000000000014934                I_ResumeSong
                0x000000000001493c                I_RegisterSong
                0x0000000000014948                I_UnRegisterSong
                0x0000000000014950                I_PlaySong
                0x0000000000014958                I_StopSong
                0x0000000000014960                I_MusicIsPlaying
                0x000000000001496c                I_BindSoundVariables
 .text          0x0000000000014a3c      0x648 build/i_system.o
                0x0000000000014a3c                I_AtExit
                0x0000000000014a84                I_Tactile
                0x0000000000014a8c                I_PrintBanner
                0x0000000000014ae8                I_PrintDivider
                0x0000000000014b20                I_PrintStartupBanner
                0x0000000000014b60                I_ConsoleStdout
                0x0000000000014b6c                I_Quit
                0x0000000000014ba8                I_Error
                0x0000000000014dc8                I_ZoneBase
                0x0000000000014e74                I_GetMemoryValue
 .text          0x0000000000015084       0x98 build/i_timer.o
                0x0000000000015084                I_GetTicks
                0x000000000001508c                I_GetTime
                0x00000000000150d0                I_GetTimeMS
                0x0000000000015104                I_Sleep
                0x000000000001510c                I_WaitVBL
                0x0000000000015114                I_InitTimer
 .text          0x000000000001511c       0xf4 build/m_argv.o
                0x000000000001511c                M_CheckParmWithArgs
                0x0000000000015194                M_CheckParm
                0x00000000000151a0                M_ParmExists
                0x00000000000151c4                M_FindResponseFile
                0x00000000000151cc                M_GetExecutableName
 .text          0x0000000000015210       0x68 build/m_bbox.o
                0x0000000000015210                M_ClearBox
                0x0000000000015228                M_AddToBox
 .text          0x0000000000015278       0xd8 build/m_cheat.o
                0x0000000000015278                cht_CheckCheat
                0x0000000000015338                cht_GetParam
 .text          0x0000000000015350      0x528 build/m_config.o
                0x0000000000015488                M_SetConfigFilenames
                0x00000000000154a0                M_SaveDefaults
                0x00000000000154a8                M_SaveDefaultsAlternate
                0x00000000000154b0                M_LoadDefaults
                0x00000000000155b0                M_BindVariable
                0x00000000000155e4                M_SetVariable
                0x00000000000156d0                M_GetIntVariable
                0x0000000000015714                M_GetStrVariable
                0x0000000000015758                M_GetFloatVariable
                0x000000000001579c                M_SetConfigDir
                0x0000000000015804                M_GetSaveGameDir
 .text          0x0000000000015878      0x908 build/m_controls.o
                0x0000000000015878                M_BindBaseControls
                0x0000000000015a54                M_BindHereticControls
                0x0000000000015b08                M_BindHexenControls
                0x0000000000015bdc                M_BindStrifeControls
                0x0000000000015d30                M_BindWeaponControls
                0x0000000000015e3c                M_BindMapControls
                0x0000000000015f20                M_BindMenuControls
                0x00000000000160dc                M_BindChatControls
                0x0000000000016178                M_ApplyPlatformDefaults
 .text          0x0000000000016180       0x50 build/m_fixed.o
                0x0000000000016180                FixedMul
                0x0000000000016190                FixedDiv
 .text          0x00000000000161d0     0x22bc build/m_menu.o
                0x00000000000161d0                M_ChangeMessages
                0x000000000001622c                M_DrawReadThis2
                0x000000000001626c                M_DrawMainMenu
                0x00000000000162a0                M_DrawNewGame
                0x00000000000162f4                M_DrawEpisode
                0x0000000000016328                M_LoadSelect
                0x0000000000016370                M_SaveSelect
                0x00000000000163f8                M_DrawReadThis1
                0x00000000000164fc                M_SfxVol
                0x0000000000016548                M_MusicVol
                0x0000000000016594                M_ChangeDetail
                0x000000000001661c                M_SizeDisplay
                0x0000000000016694                M_ChangeSensitivity
                0x00000000000166e0                M_QuitResponse
                0x0000000000016770                M_QuickLoadResponse
                0x00000000000167b8                M_VerifyNightmare
                0x0000000000016814                M_EndGameResponse
                0x000000000001684c                M_ReadSaveStrings
                0x0000000000016930                M_DrawSaveLoadBorder
                0x00000000000169d0                M_DoSave
                0x0000000000016a20                M_QuickSaveResponse
                0x0000000000016a68                M_DrawThermo
                0x0000000000016b60                M_DrawSound
                0x0000000000016be8                M_DrawOptions
                0x0000000000016cec                M_DrawEmptyCell
                0x0000000000016d3c                M_DrawSelCell
                0x0000000000016d8c                M_StartMessage
                0x0000000000016db8                M_QuickLoad
                0x0000000000016e58                M_EndGame
                0x0000000000016eb4                M_QuitDOOM
                0x0000000000016f48                M_ChooseSkill
                0x0000000000016fa8                M_StopMessage
                0x0000000000016fc4                M_StringWidth
                0x0000000000017054                M_StringHeight
                0x00000000000170b8                M_WriteText
                0x000000000001715c                M_DrawLoad
                0x00000000000171f4                M_DrawSave
                0x00000000000172d8                M_StartControlPanel
                0x0000000000017310                M_Drawer
                0x0000000000017540                M_ClearMenus
                0x0000000000017550                M_SetupNextMenu
                0x000000000001756c                M_LoadGame
                0x00000000000175bc                M_SaveGame
                0x0000000000017620                M_QuickSave
                0x00000000000176e8                M_Responder
                0x00000000000181f4                M_Sound
                0x0000000000018208                M_NewGame
                0x0000000000018280                M_Episode
                0x0000000000018314                M_Options
                0x0000000000018328                M_ReadThis
                0x0000000000018338                M_FinishReadThis
                0x000000000001834c                M_ReadThis2
                0x0000000000018390                M_Ticker
                0x00000000000183cc                M_Init
 .text          0x000000000001848c      0x8e4 build/m_misc.o
                0x000000000001848c                M_MakeDirectory
                0x0000000000018498                M_FileExists
                0x00000000000184dc                M_FileLength
                0x0000000000018540                M_WriteFile
                0x00000000000185b4                M_ReadFile
                0x0000000000018668                M_StrToInt
                0x0000000000018704                M_ExtractFileBase
                0x00000000000187b0                M_ForceUppercase
                0x00000000000187f4                M_StrCaseStr
                0x000000000001887c                M_StringDuplicate
                0x00000000000188c8                M_StringCopy
                0x0000000000018920                M_StringReplace
                0x0000000000018a24                M_StringConcat
                0x0000000000018a70                M_StringStartsWith
                0x0000000000018ad8                M_StringEndsWith
                0x0000000000018b40                M_StringJoin
                0x0000000000018c78                M_TempFile
                0x0000000000018c98                M_vsnprintf
                0x0000000000018cfc                M_snprintf
 .text          0x0000000000018d70       0x6c build/m_random.o
                0x0000000000018d70                P_Random
                0x0000000000018d98                M_Random
                0x0000000000018dc4                M_ClearRandom
 .text          0x0000000000018ddc      0x484 build/p_ceilng.o
                0x0000000000018ddc                P_AddActiveCeiling
                0x0000000000018e0c                P_RemoveActiveCeiling
                0x0000000000018e68                T_MoveCeiling
                0x0000000000019030                P_ActivateInStasisCeiling
                0x0000000000019084                EV_DoCeiling
                0x0000000000019208                EV_CeilingCrushStop
 .text          0x0000000000019260      0x81c build/p_doors.o
                0x0000000000019260                T_VerticalDoor
                0x0000000000019460                EV_DoDoor
                0x000000000001962c                EV_DoLockedDoor
                0x00000000000196fc                EV_VerticalDoor
                0x0000000000019990                P_SpawnDoorCloseIn30
                0x00000000000199f8                P_SpawnDoorRaiseIn5Mins
 .text          0x0000000000019a7c     0x27a0 build/p_enemy.o
                0x0000000000019a7c                PIT_VileCheck
                0x0000000000019b4c                P_RecursiveSound
                0x0000000000019c58                P_NoiseAlert
                0x0000000000019c88                P_CheckMeleeRange
                0x0000000000019cfc                P_CheckMissileRange
                0x0000000000019df8                P_Move
                0x0000000000019f48                P_TryWalk
                0x0000000000019f84                P_NewChaseDir
                0x000000000001a1d4                P_LookForPlayers
                0x000000000001a318                A_KeenDie
                0x000000000001a3ac                A_Look
                0x000000000001a4b0                A_Chase
                0x000000000001a6f4                A_FaceTarget
                0x000000000001a768                A_PosAttack
                0x000000000001a80c                A_SPosAttack
                0x000000000001a8c8                A_CPosAttack
                0x000000000001a96c                A_CPosRefire
                0x000000000001a9dc                A_SpidRefire
                0x000000000001aa4c                A_BspiAttack
                0x000000000001aa90                A_TroopAttack
                0x000000000001ab24                A_SargAttack
                0x000000000001ab9c                A_HeadAttack
                0x000000000001ac20                A_CyberAttack
                0x000000000001ac64                A_BruisAttack
                0x000000000001acf0                A_SkelMissile
                0x000000000001ad78                A_Tracer
                0x000000000001af10                A_SkelWhoosh
                0x000000000001af50                A_SkelFist
                0x000000000001afd8                A_VileChase
                0x000000000001b168                A_VileStart
                0x000000000001b174                A_Fire
                0x000000000001b23c                A_StartFire
                0x000000000001b26c                A_FireCrackle
                0x000000000001b29c                A_VileTarget
                0x000000000001b2fc                A_VileAttack
                0x000000000001b400                A_FatRaise
                0x000000000001b430                A_FatAttack1
                0x000000000001b4f0                A_FatAttack2
                0x000000000001b5ac                A_FatAttack3
                0x000000000001b6b0                A_SkullAttack
                0x000000000001b790                A_PainShootSkull
                0x000000000001b8e8                A_PainAttack
                0x000000000001b928                A_PainDie
                0x000000000001b988                A_Scream
                0x000000000001ba34                A_XScream
                0x000000000001ba40                A_Pain
                0x000000000001ba58                A_Fall
                0x000000000001ba6c                A_Explode
                0x000000000001ba7c                A_BossDeath
                0x000000000001bccc                A_Hoof
                0x000000000001bcfc                A_Metal
                0x000000000001bd2c                A_BabyMetal
                0x000000000001bd5c                A_OpenShotgun2
                0x000000000001bd6c                A_LoadShotgun2
                0x000000000001bd7c                A_CloseShotgun2
                0x000000000001bdb8                A_BrainAwake
                0x000000000001be34                A_BrainPain
                0x000000000001be44                A_BrainScream
                0x000000000001bf08                A_BrainExplode
                0x000000000001bfa4                A_BrainDie
                0x000000000001bfac                A_BrainSpit
                0x000000000001c070                A_SpawnFly
                0x000000000001c1b8                A_SpawnSound
                0x000000000001c1e8                A_PlayerScream
 .text          0x000000000001c21c      0x808 build/p_floor.o
                0x000000000001c21c                T_MovePlane
                0x000000000001c3b0                T_MoveFloor
                0x000000000001c484                EV_DoFloor
                0x000000000001c874                EV_BuildStairs
 .text          0x000000000001ca24     0x1034 build/p_inter.o
                0x000000000001ca24                P_GiveAmmo
                0x000000000001cb84                P_GiveWeapon
                0x000000000001ccd4                P_GiveBody
                0x000000000001cd10                P_GiveArmor
                0x000000000001cd3c                P_GiveCard
                0x000000000001cd60                P_GivePower
                0x000000000001ce30                P_TouchSpecialThing
                0x000000000001d4ec                P_KillMobj
                0x000000000001d724                P_DamageMobj
 .text          0x000000000001da58      0x580 build/p_lights.o
                0x000000000001da58                T_StrobeFlash
                0x000000000001daa0                T_Glow
                0x000000000001db18                T_FireFlicker
                0x000000000001db88                T_LightFlash
                0x000000000001dbfc                P_SpawnFireFlicker
                0x000000000001dc68                P_SpawnLightFlash
                0x000000000001dce8                P_SpawnStrobeFlash
                0x000000000001dd8c                EV_StartLightStrobing
                0x000000000001ddfc                EV_TurnTagLightsOff
                0x000000000001deb0                EV_LightTurnOn
                0x000000000001df68                P_SpawnGlowingLight
 .text          0x000000000001dfd8     0x18ec build/p_map.o
                0x000000000001dfd8                PIT_CheckThing
                0x000000000001e194                PTR_SlideTraverse
                0x000000000001e28c                PTR_AimTraverse
                0x000000000001e498                PTR_ShootTraverse
                0x000000000001e7d0                PTR_UseTraverse
                0x000000000001e864                PIT_StompThing
                0x000000000001e914                PIT_CheckLine
                0x000000000001eb38                PIT_RadiusAttack
                0x000000000001ebfc                P_TeleportMove
                0x000000000001ed78                P_CheckPosition
                0x000000000001ef58                P_TryMove
                0x000000000001f0ec                P_ThingHeightClip
                0x000000000001f174                PIT_ChangeSector
                0x000000000001f27c                P_HitSlideLine
                0x000000000001f3a4                P_SlideMove
                0x000000000001f5c0                P_AimLineAttack
                0x000000000001f690                P_LineAttack
                0x000000000001f704                P_UseLines
                0x000000000001f75c                P_RadiusAttack
                0x000000000001f830                P_ChangeSector
 .text          0x000000000001f8c4      0xd9c build/p_maputl.o
                0x000000000001f990                P_AproxDistance
                0x000000000001f9bc                P_PointOnLineSide
                0x000000000001fa60                P_BoxOnLineSide
                0x000000000001fb94                P_PointOnDivlineSide
                0x000000000001fc58                P_MakeDivline
                0x000000000001fc74                P_InterceptVector
                0x000000000001fd24                PIT_AddLineIntercepts
                0x000000000001fe6c                PIT_AddThingIntercepts
                0x000000000001ff78                P_LineOpening
                0x000000000001ffe8                P_UnsetThingPosition
                0x00000000000200bc                P_SetThingPosition
                0x00000000000201a8                P_BlockLinesIterator
                0x0000000000020284                P_BlockThingsIterator
                0x0000000000020308                P_TraverseIntercepts
                0x00000000000203b8                P_PathTraverse
 .text          0x0000000000020660     0x1418 build/p_mobj.o
                0x0000000000020660                P_SpawnMobj
                0x00000000000207e0                P_RemoveMobj
                0x00000000000208a4                P_SetMobjState
                0x0000000000020944                P_ExplodeMissile
                0x00000000000209d4                P_ZMovement
                0x0000000000020be0                P_XYMovement
                0x0000000000020e74                P_NightmareRespawn
                0x0000000000020f8c                P_MobjThinker
                0x0000000000021098                P_RespawnSpecials
                0x0000000000021218                P_SpawnPlayer
                0x0000000000021368                P_SpawnMapThing
                0x00000000000215f0                P_SpawnPuff
                0x00000000000216a0                P_SpawnBlood
                0x0000000000021768                P_CheckMissileSpawn
                0x00000000000217f4                P_SubstNullMobj
                0x0000000000021818                P_SpawnMissile
                0x0000000000021938                P_SpawnPlayerMissile
 .text          0x0000000000021a78      0x4f0 build/p_plats.o
                0x0000000000021a78                P_ActivateInStasis
                0x0000000000021acc                EV_StopPlat
                0x0000000000021b1c                P_AddActivePlat
                0x0000000000021b54                EV_DoPlat
                0x0000000000021d8c                P_RemoveActivePlat
                0x0000000000021dfc                T_PlatRaise
 .text          0x0000000000021f68      0xfcc build/p_pspr.o
                0x0000000000021f9c                P_SetPsprite
                0x0000000000022078                P_CalcSwing
                0x00000000000220f8                P_BringUpWeapon
                0x0000000000022178                P_CheckAmmo
                0x0000000000022304                P_FireWeapon
                0x0000000000022378                P_DropWeapon
                0x000000000002239c                A_WeaponReady
                0x0000000000022514                A_ReFire
                0x0000000000022554                A_CheckReload
                0x000000000002255c                A_Lower
                0x00000000000225ac                A_Raise
                0x00000000000225f0                A_GunFlash
                0x0000000000022640                A_Punch
                0x0000000000022708                A_Saw
                0x0000000000022854                A_FireMissile
                0x0000000000022898                A_FireBFG
                0x00000000000228dc                A_FirePlasma
                0x0000000000022948                P_BulletSlope
                0x00000000000229dc                P_GunShot
                0x0000000000022a5c                A_FirePistol
                0x0000000000022ae8                A_FireShotgun
                0x0000000000022b7c                A_FireShotgun2
                0x0000000000022c8c                A_FireCGun
                0x0000000000022d7c                A_Light0
                0x0000000000022d88                A_Light1
                0x0000000000022d98                A_Light2
                0x0000000000022da8                A_BFGSpray
                0x0000000000022e8c                A_BFGsound
                0x0000000000022e9c                P_SetupPsprites
                0x0000000000022eb4                P_MovePsprites
 .text          0x0000000000022f34     0x19e0 build/p_saveg.o
                0x0000000000023290                P_TempSaveGameFile
                0x00000000000232e8                P_SaveGameFile
                0x0000000000023384                P_WriteSaveGameHeader
                0x0000000000023490                P_ReadSaveGameHeader
                0x00000000000235ac                P_ReadSaveGameEOF
                0x00000000000235d4                P_WriteSaveGameEOF
                0x00000000000235e0                P_ArchivePlayers
                0x0000000000023854                P_UnArchivePlayers
                0x0000000000023ad8                P_ArchiveWorld
                0x0000000000023c24                P_UnArchiveWorld
                0x0000000000023d8c                P_ArchiveThinkers
                0x0000000000023f88                P_UnArchiveThinkers
                0x0000000000024210                P_ArchiveSpecials
                0x00000000000244f0                P_UnArchiveSpecials
 .text          0x0000000000024914      0xf9c build/p_setup.o
                0x0000000000024914                P_LoadVertexes
                0x00000000000249b8                GetSectorAtNullAddress
                0x0000000000024a28                P_LoadSegs
                0x0000000000024b8c                P_LoadSubsectors
                0x0000000000024c40                P_LoadSectors
                0x0000000000024d38                P_LoadNodes
                0x0000000000024e4c                P_LoadThings
                0x0000000000024f30                P_LoadLineDefs
                0x0000000000025110                P_LoadSideDefs
                0x000000000002520c                P_LoadBlockMap
                0x00000000000252b0                P_GroupLines
                0x0000000000025550                P_SetupLevel
                0x0000000000025888                P_Init
 .text          0x00000000000258b0      0x54c build/p_sight.o
                0x00000000000258b0                P_DivlineSide
                0x0000000000025958                P_InterceptVector2
                0x0000000000025a08                P_CrossSubsector
                0x0000000000025c24                P_CrossBSPNode
                0x0000000000025cf4                P_CheckSight
 .text          0x0000000000025dfc     0x1330 build/p_spec.o
                0x0000000000025dfc                P_InitPicAnims
                0x0000000000025f18                getSide
                0x0000000000025f58                getSector
                0x0000000000025f9c                twoSided
                0x0000000000025fc8                getNextSector
                0x0000000000025ff4                P_FindLowestFloorSurrounding
                0x000000000002605c                P_FindHighestFloorSurrounding
                0x00000000000260c4                P_FindNextHighestFloor
                0x00000000000261b0                P_FindLowestCeilingSurrounding
                0x0000000000026218                P_FindHighestCeilingSurrounding
                0x0000000000026280                P_FindSectorFromLineTag
                0x00000000000262dc                P_FindMinSurroundingLight
                0x0000000000026348                P_CrossSpecialLine
                0x0000000000026854                P_ShootSpecialLine
                0x00000000000268ec                P_PlayerInSpecialSector
                0x0000000000026a7c                P_UpdateSpecials
                0x0000000000026c5c                EV_DoDonut
                0x0000000000026ea8                P_SpawnSpecials
 .text          0x000000000002712c      0x6e4 build/p_switch.o
                0x000000000002712c                P_InitSwitchList
                0x00000000000271f8                P_StartButton
                0x0000000000027284                P_ChangeSwitchTexture
                0x0000000000027408                P_UseSpecialLine
 .text          0x0000000000027810      0x1bc build/p_telept.o
                0x0000000000027810                EV_Teleport
 .text          0x00000000000279cc      0x1a0 build/p_tick.o
                0x00000000000279cc                P_InitThinkers
                0x00000000000279e0                P_AddThinker
                0x0000000000027a00                P_RemoveThinker
                0x0000000000027a10                P_AllocateThinker
                0x0000000000027a18                P_RunThinkers
                0x0000000000027a84                P_Ticker
 .text          0x0000000000027b6c      0x60c build/p_user.o
                0x0000000000027b6c                P_Thrust
                0x0000000000027bec                P_CalcHeight
                0x0000000000027d44                P_MovePlayer
                0x0000000000027e20                P_DeathThink
                0x0000000000027f28                P_PlayerThink
 .text          0x0000000000028178      0x7a0 build/r_bsp.o
                0x0000000000028178                R_ClearDrawSegs
                0x0000000000028190                R_ClipSolidWallSegment
                0x00000000000282d4                R_ClipPassWallSegment
                0x0000000000028378                R_ClearClipSegs
                0x00000000000283b0                R_AddLine
                0x0000000000028548                R_CheckBBox
                0x00000000000286fc                R_Subsector
                0x0000000000028850                R_RenderBSPNode
 .text          0x0000000000028918     0x1014 build/r_data.o
                0x0000000000028918                R_DrawColumnInCache
                0x00000000000289a8                R_GenerateComposite
                0x0000000000028ac8                R_GenerateLookup
                0x0000000000028c88                R_GetColumn
                0x0000000000028d14                R_InitTextures
                0x0000000000029264                R_InitFlats
                0x00000000000292f8                R_InitSpriteLumps
                0x0000000000029414                R_InitColormaps
                0x0000000000029448                R_InitData
                0x0000000000029484                R_FlatNumForName
                0x00000000000294e0                R_CheckTextureNumForName
                0x0000000000029568                R_TextureNumForName
                0x00000000000295b0                R_PrecacheLevel
 .text          0x000000000002992c      0xca8 build/r_draw.o
                0x000000000002992c                R_DrawColumn
                0x00000000000299f8                R_DrawColumnLow
                0x0000000000029ad8                R_DrawFuzzColumn
                0x0000000000029bd8                R_DrawFuzzColumnLow
                0x0000000000029d10                R_DrawTranslatedColumn
                0x0000000000029de4                R_DrawTranslatedColumnLow
                0x0000000000029ef0                R_InitTranslationTables
                0x0000000000029f88                R_DrawSpan
                0x000000000002a05c                R_DrawSpanLow
                0x000000000002a14c                R_InitBuffer
                0x000000000002a1e8                R_FillBackScreen
                0x000000000002a4b8                R_VideoErase
                0x000000000002a4e8                R_DrawViewBorder
 .text          0x000000000002a5d4      0xc58 build/r_main.o
                0x000000000002a5d4                R_AddPointToBox
                0x000000000002a61c                R_PointOnSide
                0x000000000002a6dc                R_PointOnSegSide
                0x000000000002a794                R_PointToAngle
                0x000000000002a8f0                R_PointToAngle2
                0x000000000002a910                R_PointToDist
                0x000000000002a9b8                R_InitPointToAngle
                0x000000000002a9c0                R_ScaleFromGlobalAngle
                0x000000000002aa7c                R_InitTables
                0x000000000002aa84                R_InitTextureMapping
                0x000000000002ac24                R_InitLightTables
                0x000000000002acd8                R_SetViewSize
                0x000000000002acf8                R_ExecuteSetViewSize
                0x000000000002afbc                R_Init
                0x000000000002b054                R_PointInSubsector
                0x000000000002b0f8                R_SetupFrame
                0x000000000002b1d8                R_RenderPlayerView
 .text          0x000000000002b22c      0x918 build/r_plane.o
                0x000000000002b22c                R_InitPlanes
                0x000000000002b234                R_MapPlane
                0x000000000002b474                R_ClearPlanes
                0x000000000002b580                R_FindPlane
                0x000000000002b66c                R_CheckPlane
                0x000000000002b72c                R_MakeSpans
                0x000000000002b83c                R_DrawPlanes
 .text          0x000000000002bb44     0x1044 build/r_segs.o
                0x000000000002bb44                R_RenderMaskedSegRange
                0x000000000002be1c                R_RenderSegLoop
                0x000000000002c218                R_StoreWallRange
 .text          0x000000000002cb88       0x14 build/r_sky.o
                0x000000000002cb88                R_InitSkyMap
 .text          0x000000000002cb9c     0x1364 build/r_things.o
                0x000000000002cb9c                R_InstallSpriteLump
                0x000000000002cd64                R_InitSpriteDefs
                0x000000000002d004                R_InitSprites
                0x000000000002d044                R_ClearSprites
                0x000000000002d05c                R_NewVisSprite
                0x000000000002d090                R_DrawMaskedColumn
                0x000000000002d1c8                R_DrawVisSprite
                0x000000000002d37c                R_ProjectSprite
                0x000000000002d6d8                R_AddSprites
                0x000000000002d778                R_DrawPSprite
                0x000000000002d9e0                R_DrawPlayerSprites
                0x000000000002daa0                R_SortVisSprites
                0x000000000002db88                R_DrawSprite
                0x000000000002de44                R_DrawMasked
 .text          0x000000000002df00     0x1404 build/sha1.o
                0x000000000002efe8                SHA1_Init
                0x000000000002f028                SHA1_Update
                0x000000000002f148                SHA1_Final
                0x000000000002f29c                SHA1_UpdateInt32
                0x000000000002f2c8                SHA1_UpdateString
 .text          0x000000000002f304       0x78 build/statdump.o
                0x000000000002f304                StatCopy
                0x000000000002f374                StatDump
 .text          0x000000000002f37c      0x434 build/st_lib.o
                0x000000000002f37c                STlib_init
                0x000000000002f3ac                STlib_initNum
                0x000000000002f3c4                STlib_drawNum
                0x000000000002f534                STlib_updateNum
                0x000000000002f54c                STlib_initPercent
                0x000000000002f56c                STlib_updatePercent
                0x000000000002f5b8                STlib_initMultIcon
                0x000000000002f5d4                STlib_updateMultIcon
                0x000000000002f6c0                STlib_initBinIcon
                0x000000000002f6d8                STlib_updateBinIcon
 .text          0x000000000002f7b0     0x15d8 build/st_stuff.o
                0x000000000002fb04                ST_refreshBackground
                0x000000000002fba0                ST_Responder
                0x00000000000300e0                ST_calcPainOffset
                0x000000000003013c                ST_updateFaceWidget
                0x0000000000030448                ST_updateWidgets
                0x000000000003058c                ST_Ticker
                0x00000000000305dc                ST_doPaletteStuff
                0x00000000000306ec                ST_drawWidgets
                0x0000000000030824                ST_doRefresh
                0x000000000003084c                ST_diffDraw
                0x0000000000030858                ST_Drawer
                0x00000000000308d4                ST_loadGraphics
                0x00000000000308e4                ST_loadData
                0x0000000000030910                ST_unloadGraphics
                0x0000000000030920                ST_unloadData
                0x0000000000030928                ST_initData
                0x00000000000309ac                ST_createWidgets
                0x0000000000030cc4                ST_Stop
                0x0000000000030d10                ST_Start
                0x0000000000030d54                ST_Init
 .text          0x0000000000030d88      0x99c build/s_sound.o
                0x0000000000030d88                S_Shutdown
                0x0000000000030f64                S_StopSound
                0x0000000000030fb0                S_StartSound
                0x00000000000311d8                S_PauseSound
                0x000000000003121c                S_ResumeSound
                0x000000000003125c                S_UpdateSounds
                0x0000000000031370                S_SetMusicVolume
                0x00000000000313b0                S_SetSfxVolume
                0x00000000000313f4                S_Init
                0x00000000000314bc                S_MusicPlaying
                0x00000000000314c4                S_StopMusic
                0x000000000003152c                S_ChangeMusic
                0x0000000000031634                S_Start
                0x0000000000031718                S_StartMusic
 .text          0x0000000000031724       0x30 build/tables.o
                0x0000000000031724                SlopeDiv
 .text          0x0000000000031754      0xf08 build/v_video.o
                0x0000000000031754                V_MarkRect
                0x00000000000317f4                V_CopyRect
                0x00000000000318f4                V_SetPatchClipCallback
                0x0000000000031904                V_DrawPatch
                0x0000000000031a50                V_DrawPatchFlipped
                0x0000000000031b94                V_DrawPatchDirect
                0x0000000000031b9c                V_DrawTLPatch
                0x0000000000031cac                V_DrawXlaPatch
                0x0000000000031da8                V_DrawAltTLPatch
                0x0000000000031eb8                V_DrawShadowedPatch
                0x0000000000031ff0                V_LoadTintTable
                0x0000000000032020                V_LoadXlaTable
                0x0000000000032050                V_DrawBlock
                0x0000000000032114                V_DrawFilledBox
                0x000000000003216c                V_DrawHorizLine
                0x00000000000321ac                V_DrawVertLine
                0x00000000000321f4                V_DrawBox
                0x0000000000032250                V_DrawRawScreen
                0x0000000000032268                V_Init
                0x0000000000032270                V_UseBuffer
                0x0000000000032280                V_RestoreBuffer
                0x000000000003229c                WritePCXfile
                0x00000000000323e4                V_ScreenShot
                0x0000000000032490                V_DrawMouseSpeedBox
 .text          0x000000000003265c     0x2358 build/wi_stuff.o
                0x0000000000032b24                WI_slamBackground
                0x0000000000032b3c                WI_Responder
                0x0000000000032b48                WI_drawLF
                0x0000000000032c3c                WI_drawEL
                0x0000000000032cbc                WI_drawOnLnode
                0x0000000000032d88                WI_initAnimatedBack
                0x0000000000032ea0                WI_updateAnimatedBack
                0x0000000000033024                WI_drawAnimatedBack
                0x00000000000330e0                WI_drawNum
                0x00000000000331f0                WI_drawPercent
                0x000000000003324c                WI_drawTime
                0x0000000000033330                WI_initNoState
                0x0000000000033354                WI_updateNoState
                0x0000000000033394                WI_initShowNextLoc
                0x00000000000333b8                WI_updateShowNextLoc
                0x0000000000033410                WI_drawShowNextLoc
                0x000000000003352c                WI_drawNoState
                0x0000000000033540                WI_fragSum
                0x000000000003359c                WI_initDeathmatchStats
                0x0000000000033610                WI_updateDeathmatchStats
                0x0000000000033868                WI_drawDeathmatchStats
                0x0000000000033a40                WI_initNetgameStats
                0x0000000000033b14                WI_updateNetgameStats
                0x0000000000033f50                WI_drawNetgameStats
                0x000000000003419c                WI_initStats
                0x00000000000341dc                WI_updateStats
                0x0000000000034528                WI_drawStats
                0x0000000000034644                WI_checkForAccelerate
                0x00000000000346d0                WI_Ticker
                0x00000000000347c0                WI_loadData
                0x0000000000034864                WI_unloadData
                0x0000000000034874                WI_End
                0x000000000003487c                WI_Drawer
                0x00000000000348d4                WI_initVariables
                0x000000000003495c                WI_Start
 .text          0x00000000000349b4      0x14c build/w_checksum.o
                0x00000000000349b4                W_Checksum
 .text          0x0000000000034b00       0x6c build/w_file.o
                0x0000000000034b00                W_OpenFile
                0x0000000000034b44                W_CloseFile
                0x0000000000034b58                W_Read
 .text          0x0000000000034b6c       0xc0 build/w_main.o
                0x0000000000034b6c                W_ParseCommandLine
 .text          0x0000000000034c2c      0x800 build/w_wad.o
                0x0000000000034c2c                W_LumpNameHash
                0x0000000000034c84                W_AddFile
                0x0000000000034f10                W_NumLumps
                0x0000000000034f20                W_CheckNumForName
                0x0000000000034fec                W_GetNumForName
                0x0000000000035030                W_LumpLength
                0x0000000000035088                W_ReadLump
                0x0000000000035120                W_CacheLumpNum
                0x00000000000351e8                W_CacheLumpName
                0x0000000000035214                W_ReleaseLumpNum
                0x0000000000035298                W_ReleaseLumpName
                0x00000000000352b4                W_GenerateHashTable
                0x0000000000035370                W_CheckCorrectIWAD
 .text          0x000000000003542c      0x794 build/z_zone.o
                0x000000000003542c                Z_ClearZone
                0x0000000000035468                Z_Init
                0x00000000000354c8                Z_Free
                0x00000000000355c4                Z_Malloc
                0x000000000003571c                Z_FreeTags
                0x0000000000035798                Z_DumpHeap
                0x00000000000358bc                Z_FileDumpHeap
                0x00000000000359c4                Z_CheckHeap
                0x0000000000035a84                Z_ChangeTag2
                0x0000000000035b0c                Z_ChangeUser
                0x0000000000035b68                Z_FreeMemory
                0x0000000000035bac                Z_ZoneSize
 .text          0x0000000000035bc0       0xf0 build/w_file_stdc.o
                0x0000000000035bc0                W_StdC_Read
 .text          0x0000000000035cb0       0xe0 build/i_input.o
                0x0000000000035cb0                I_GetEvent
                0x0000000000035d88                I_InitInput
 .text          0x0000000000035d90      0x4dc build/i_video.o
                0x0000000000035d90                cmap_to_rgb565
                0x0000000000035e00                cmap_to_fb
                0x0000000000035ed0                I_InitGraphics
                0x0000000000036040                I_ShutdownGraphics
                0x0000000000036050                I_StartFrame
                0x0000000000036058                I_StartTic
                0x0000000000036060                I_UpdateNoBlit
                0x0000000000036068                I_FinishUpdate
                0x0000000000036134                I_ReadScreen
                0x0000000000036148                I_SetPalette
                0x00000000000361ac                I_GetPaletteIndex
                0x0000000000036224                I_BeginRead
                0x000000000003622c                I_EndRead
                0x0000000000036234                I_SetWindowTitle
                0x000000000003623c                I_GraphicsCheckCommandLine
                0x0000000000036244                I_SetGrabMouseCallback
                0x000000000003624c                I_EnableLoadingDisk
                0x0000000000036254                I_BindVideoVariables
                0x000000000003625c                I_DisplayFPSDots
                0x0000000000036264                I_CheckIsScreensaver
 .text          0x000000000003626c       0x4c build/doomgeneric.o
                0x000000000003626c                doomgeneric_Create
 .text          0x00000000000362b8      0x460 build/doomgeneric_xlib.o
                0x00000000000363e4                DG_Init
                0x0000000000036534                DG_DrawFrame
                0x000000000003660c                DG_SleepMs
                0x000000000003661c                DG_GetTicksMs
                0x0000000000036658                DG_GetKey
                0x00000000000366a4                DG_SetWindowTitle
 *(.gnu.warning)

.fini           0x0000000000036718       0x18
 *(SORT_NONE(.fini))
 .fini          0x0000000000036718        0xc /usr/lib/gcc/aarch64-poky-linux/11.3.0/../../../crti.o
                0x0000000000036718                _fini
 .fini          0x0000000000036724        0xc /usr/lib/gcc/aarch64-poky-linux/11.3.0/../../../crtn.o
                [!provide]                        PROVIDE (__etext = .)
                [!provide]                        PROVIDE (_etext = .)
                [!provide]                        PROVIDE (etext = .)

.rodata         0x0000000000036730    0x17eab
 *(.rodata .rodata.* .gnu.linkonce.r.*)
 .rodata.str1.1
                0x0000000000036730       0x67 build/am_map.o
 *fill*         0x0000000000036797        0x1 
 .rodata        0x0000000000036798       0x30 build/am_map.o
 .rodata.str1.1
                0x00000000000367c8      0x328 build/dstrings.o
 .rodata.str1.1
                0x0000000000036af0      0x1b6 build/d_iwad.o
                                        0x1d3 (size before relaxing)
 .rodata.str1.1
                0x0000000000036ca6       0x6e build/d_loop.o
 .rodata.str1.1
                0x0000000000036d14      0x947 build/d_main.o
                                        0x995 (size before relaxing)
 *fill*         0x000000000003765b        0x1 
 .rodata        0x000000000003765c       0xc9 build/d_main.o
 .rodata.str1.1
                0x0000000000037725       0x1a build/d_mode.o
                                         0x3c (size before relaxing)
 *fill*         0x000000000003773f        0x1 
 .rodata        0x0000000000037740      0x12c build/d_mode.o
 .rodata.str1.1
                0x000000000003786c      0x155 build/d_net.o
                                        0x16d (size before relaxing)
 .rodata.str1.1
                0x00000000000379c1     0x1ef5 build/f_finale.o
                                       0x1f08 (size before relaxing)
 .rodata.str1.1
                0x00000000000398b6      0x348 build/g_game.o
                                        0x369 (size before relaxing)
 *fill*         0x0000000000039bfe        0x2 
 .rodata        0x0000000000039c00       0x6c build/g_game.o
 .rodata.str1.1
                0x0000000000039c6c      0xc0f build/hu_stuff.o
 *fill*         0x000000000003a87b        0x1 
 .rodata        0x000000000003a87c        0x4 build/hu_stuff.o
 .rodata.str1.1
                0x000000000003a880      0x2a3 build/info.o
                                        0x2b2 (size before relaxing)
 .rodata.str1.1
                0x000000000003ab23       0xa7 build/i_joystick.o
 .rodata.str1.1
                0x000000000003abca       0x9e build/i_sound.o
                                         0x9f (size before relaxing)
 .rodata.str1.1
                0x000000000003ac68      0x211 build/i_system.o
 .rodata        0x000000000003ae79       0x1e build/i_system.o
 .rodata.str1.1
                0x000000000003ae97      0xa6e build/m_config.o
                                        0xc1c (size before relaxing)
 *fill*         0x000000000003b905        0x3 
 .rodata        0x000000000003b908      0x208 build/m_config.o
 .rodata.str1.1
                0x000000000003bb10       0x16 build/m_controls.o
                                        0x630 (size before relaxing)
 .rodata.str1.1
                0x000000000003bb26      0x3f7 build/m_menu.o
                                        0x40f (size before relaxing)
 *fill*         0x000000000003bf1d        0x3 
 .rodata        0x000000000003bf20        0x9 build/m_menu.o
 .rodata.str1.1
                0x000000000003bf29       0xde build/m_misc.o
                                         0xec (size before relaxing)
 .rodata        0x000000000003c007      0x100 build/m_random.o
 *fill*         0x000000000003c107        0x1 
 .rodata        0x000000000003c108        0xe build/p_ceilng.o
 *fill*         0x000000000003c116        0x2 
 .rodata        0x000000000003c118       0x14 build/p_doors.o
 .rodata.str1.1
                0x000000000003c12c      0x137 build/p_doors.o
 .rodata.str1.1
                0x000000000003c263       0x3b build/p_enemy.o
 *fill*         0x000000000003c29e        0x2 
 .rodata        0x000000000003c2a0        0x4 build/p_enemy.o
 .rodata        0x000000000003c2a4       0x1a build/p_floor.o
 .rodata.str1.1
                0x000000000003c2be      0x3d7 build/p_inter.o
 *fill*         0x000000000003c695        0x3 
 .rodata        0x000000000003c698       0x5a build/p_inter.o
 .rodata.str1.1
                0x000000000003c6f2       0x72 build/p_map.o
 .rodata        0x000000000003c764        0x4 build/p_maputl.o
 .rodata.str1.1
                0x000000000003c768       0x2d build/p_mobj.o
 .rodata.str1.1
                0x000000000003c795       0x45 build/p_plats.o
 *fill*         0x000000000003c7da        0x2 
 .rodata        0x000000000003c7dc        0x5 build/p_plats.o
 .rodata.str1.1
                0x000000000003c7e1       0xc3 build/p_saveg.o
                                         0xe1 (size before relaxing)
 .rodata        0x000000000003c8a4       0x10 build/p_saveg.o
 .rodata.str1.1
                0x000000000003c8b4       0x5a build/p_setup.o
 .rodata.str1.1
                0x000000000003c90e       0x28 build/p_sight.o
 .rodata.str1.1
                0x000000000003c936      0x242 build/p_spec.o
 .rodata        0x000000000003cb78      0x139 build/p_spec.o
 .rodata.str1.1
                0x000000000003ccb1       0x25 build/p_switch.o
 *fill*         0x000000000003ccd6        0x2 
 .rodata        0x000000000003ccd8      0x106 build/p_switch.o
 .rodata.str1.1
                0x000000000003cdde       0x23 build/r_bsp.o
 .rodata.str1.1
                0x000000000003ce01      0x120 build/r_data.o
                                        0x12e (size before relaxing)
 .rodata.str1.1
                0x000000000003cf21       0xa6 build/r_draw.o
 .rodata.str1.1
                0x000000000003cfc7       0xa6 build/r_plane.o
 .rodata.str1.1
                0x000000000003d06d       0x20 build/r_segs.o
 .rodata.str1.1
                0x000000000003d08d      0x1d2 build/r_things.o
 .rodata.str1.1
                0x000000000003d25f      0x186 build/sounds.o
                                        0x191 (size before relaxing)
 .rodata.str1.1
                0x000000000003d3e5        0xa build/statdump.o
 .rodata.str1.1
                0x000000000003d3e5       0x5b build/st_lib.o
 .rodata.str1.1
                0x000000000003d440      0x1b1 build/st_stuff.o
                                        0x1b9 (size before relaxing)
 .rodata.str1.1
                0x000000000003d5f1       0x69 build/s_sound.o
 *fill*         0x000000000003d65a        0x2 
 .rodata        0x000000000003d65c       0x24 build/s_sound.o
 .rodata        0x000000000003d680    0x10504 build/tables.o
                0x000000000003d680                gammatable
                0x000000000003db80                tantoangle
                0x000000000003fb84                finesine
                0x0000000000049b84                finetangent
 .rodata.str1.1
                0x000000000004db84      0x100 build/v_video.o
                                        0x108 (size before relaxing)
 *fill*         0x000000000004dc84        0x4 
 .rodata.cst8   0x000000000004dc88        0x8 build/v_video.o
 .rodata.str1.1
                0x000000000004dc90       0xf9 build/wi_stuff.o
                                        0x10b (size before relaxing)
 *fill*         0x000000000004dd89        0x3 
 .rodata        0x000000000004dd8c      0x170 build/wi_stuff.o
 .rodata.str1.1
                0x000000000004defc        0x6 build/w_file.o
 .rodata.str1.1
                0x000000000004df02        0x6 build/w_main.o
                                         0x12 (size before relaxing)
 .rodata.str1.1
                0x000000000004df08      0x1d2 build/w_wad.o
                                        0x1d6 (size before relaxing)
 .rodata.str1.1
                0x000000000004e0da      0x323 build/z_zone.o
 .rodata.str1.1
                0x000000000004e3fd        0x3 build/w_file_stdc.o
 .rodata        0x000000000004e3fd       0x80 build/i_input.o
 .rodata.str1.1
                0x000000000004e47d      0x15b build/i_video.o
 .rodata        0x000000000004e5d8        0x3 build/doomgeneric_xlib.o

.rodata1
 *(.rodata1)

.eh_frame_hdr   0x000000000004e5dc     0x1a9c
 *(.eh_frame_hdr)
 .eh_frame_hdr  0x000000000004e5dc     0x1a9c /usr/lib/gcc/aarch64-poky-linux/11.3.0/../../../Scrt1.o
                0x000000000004e5dc                __GNU_EH_FRAME_HDR
 *(.eh_frame_entry .eh_frame_entry.*)

.eh_frame       0x0000000000050078     0x8a68
 *(.eh_frame)
 .eh_frame      0x0000000000050078       0x28 /usr/lib/gcc/aarch64-poky-linux/11.3.0/../../../Scrt1.o
 .eh_frame      0x00000000000500a0       0x68 /usr/lib/gcc/aarch64-poky-linux/11.3.0/../../../aarch64-poky-linux/11.3.0/crtbeginS.o
                                         0x78 (size before relaxing)
 .eh_frame      0x0000000000050108        0x0 build/dummy.o
                                         0x28 (size before relaxing)
 .eh_frame      0x0000000000050108      0x5c0 build/am_map.o
                                        0x5d0 (size before relaxing)
 .eh_frame      0x00000000000506c8       0x28 build/d_event.o
                                         0x40 (size before relaxing)
 .eh_frame      0x00000000000506f0      0x170 build/d_iwad.o
                                        0x180 (size before relaxing)
 .eh_frame      0x0000000000050860      0x188 build/d_loop.o
                                        0x198 (size before relaxing)
 .eh_frame      0x00000000000509e8      0x2b0 build/d_main.o
                                        0x2c8 (size before relaxing)
 .eh_frame      0x0000000000050c98       0x88 build/d_mode.o
                                         0xa0 (size before relaxing)
 .eh_frame      0x0000000000050d20       0xb8 build/d_net.o
                                         0xc8 (size before relaxing)
 .eh_frame      0x0000000000050dd8      0x208 build/f_finale.o
                                        0x218 (size before relaxing)
 .eh_frame      0x0000000000050fe0      0x188 build/f_wipe.o
                                        0x1a0 (size before relaxing)
 .eh_frame      0x0000000000051168      0x608 build/g_game.o
                                        0x618 (size before relaxing)
 .eh_frame      0x0000000000051770      0x288 build/hu_lib.o
                                        0x2a0 (size before relaxing)
 .eh_frame      0x00000000000519f8      0x170 build/hu_stuff.o
                                        0x188 (size before relaxing)
 .eh_frame      0x0000000000051b68        0x0 build/i_cdmus.o
                                         0xc8 (size before relaxing)
 .eh_frame      0x0000000000051b68       0x18 build/i_endoom.o
                                         0x28 (size before relaxing)
 .eh_frame      0x0000000000051b80       0x70 build/i_joystick.o
                                         0x80 (size before relaxing)
 .eh_frame      0x0000000000051bf0        0x0 build/i_scale.o
                                        0x348 (size before relaxing)
 .eh_frame      0x0000000000051bf0      0x1b8 build/i_sound.o
                                        0x1d0 (size before relaxing)
 .eh_frame      0x0000000000051da8      0x1a0 build/i_system.o
                                        0x1b0 (size before relaxing)
 .eh_frame      0x0000000000051f48       0x98 build/i_timer.o
                                         0xb0 (size before relaxing)
 .eh_frame      0x0000000000051fe0        0x0 build/memio.o
                                        0x140 (size before relaxing)
 .eh_frame      0x0000000000051fe0       0xa8 build/m_argv.o
                                         0xc0 (size before relaxing)
 .eh_frame      0x0000000000052088       0x28 build/m_bbox.o
                                         0x40 (size before relaxing)
 .eh_frame      0x00000000000520b0       0x48 build/m_cheat.o
                                         0x60 (size before relaxing)
 .eh_frame      0x00000000000520f8      0x200 build/m_config.o
                                        0x210 (size before relaxing)
 .eh_frame      0x00000000000522f8      0x168 build/m_controls.o
                                        0x180 (size before relaxing)
 .eh_frame      0x0000000000052460       0x28 build/m_fixed.o
                                         0x40 (size before relaxing)
 .eh_frame      0x0000000000052488      0x7a0 build/m_menu.o
                                        0x7b8 (size before relaxing)
 .eh_frame      0x0000000000052c28      0x348 build/m_misc.o
                                        0x358 (size before relaxing)
 .eh_frame      0x0000000000052f70       0x40 build/m_random.o
                                         0x50 (size before relaxing)
 .eh_frame      0x0000000000052fb0       0xe8 build/p_ceilng.o
                                        0x100 (size before relaxing)
 .eh_frame      0x0000000000053098      0x140 build/p_doors.o
                                        0x150 (size before relaxing)
 .eh_frame      0x00000000000531d8      0xaf0 build/p_enemy.o
                                        0xb00 (size before relaxing)
 .eh_frame      0x0000000000053cc8       0xf8 build/p_floor.o
                                        0x110 (size before relaxing)
 .eh_frame      0x0000000000053dc0      0x190 build/p_inter.o
                                        0x1a0 (size before relaxing)
 .eh_frame      0x0000000000053f50      0x1c8 build/p_lights.o
                                        0x1e0 (size before relaxing)
 .eh_frame      0x0000000000054118      0x410 build/p_map.o
                                        0x420 (size before relaxing)
 .eh_frame      0x0000000000054528      0x2f0 build/p_maputl.o
                                        0x308 (size before relaxing)
 .eh_frame      0x0000000000054818      0x3c0 build/p_mobj.o
                                        0x3d8 (size before relaxing)
 .eh_frame      0x0000000000054bd8       0xf8 build/p_plats.o
                                        0x110 (size before relaxing)
 .eh_frame      0x0000000000054cd0      0x4c8 build/p_pspr.o
                                        0x4e0 (size before relaxing)
 .eh_frame      0x0000000000055198      0x480 build/p_saveg.o
                                        0x490 (size before relaxing)
 .eh_frame      0x0000000000055618      0x2b0 build/p_setup.o
                                        0x2c8 (size before relaxing)
 .eh_frame      0x00000000000558c8       0xf8 build/p_sight.o
                                        0x108 (size before relaxing)
 .eh_frame      0x00000000000559c0      0x368 build/p_spec.o
                                        0x378 (size before relaxing)
 .eh_frame      0x0000000000055d28       0xb8 build/p_switch.o
                                         0xc8 (size before relaxing)
 .eh_frame      0x0000000000055de0       0x38 build/p_telept.o
                                         0x50 (size before relaxing)
 .eh_frame      0x0000000000055e18       0xa8 build/p_tick.o
                                         0xc0 (size before relaxing)
 .eh_frame      0x0000000000055ec0       0xf0 build/p_user.o
                                        0x108 (size before relaxing)
 .eh_frame      0x0000000000055fb0      0x198 build/r_bsp.o
                                        0x1a8 (size before relaxing)
 .eh_frame      0x0000000000056148      0x2b8 build/r_data.o
                                        0x2c8 (size before relaxing)
 .eh_frame      0x0000000000056400      0x228 build/r_draw.o
                                        0x240 (size before relaxing)
 .eh_frame      0x0000000000056628      0x2a0 build/r_main.o
                                        0x2b8 (size before relaxing)
 .eh_frame      0x00000000000568c8      0x168 build/r_plane.o
                                        0x180 (size before relaxing)
 .eh_frame      0x0000000000056a30       0xd8 build/r_segs.o
                                         0xe8 (size before relaxing)
 .eh_frame      0x0000000000056b08       0x18 build/r_sky.o
                                         0x28 (size before relaxing)
 .eh_frame      0x0000000000056b20      0x2d0 build/r_things.o
                                        0x2e0 (size before relaxing)
 .eh_frame      0x0000000000056df0      0x110 build/sha1.o
                                        0x128 (size before relaxing)
 .eh_frame      0x0000000000056f00       0x40 build/statdump.o
                                         0x58 (size before relaxing)
 .eh_frame      0x0000000000056f40      0x170 build/st_lib.o
                                        0x180 (size before relaxing)
 .eh_frame      0x00000000000570b0      0x3a0 build/st_stuff.o
                                        0x3b0 (size before relaxing)
 .eh_frame      0x0000000000057450      0x2a8 build/s_sound.o
                                        0x2c0 (size before relaxing)
 .eh_frame      0x00000000000576f8       0x18 build/tables.o
                                         0x28 (size before relaxing)
 .eh_frame      0x0000000000057710      0x3c0 build/v_video.o
                                        0x3d8 (size before relaxing)
 .eh_frame      0x0000000000057ad0      0x6d0 build/wi_stuff.o
                                        0x6e8 (size before relaxing)
 .eh_frame      0x00000000000581a0       0x48 build/w_checksum.o
                                         0x60 (size before relaxing)
 .eh_frame      0x00000000000581e8       0x50 build/w_file.o
                                         0x68 (size before relaxing)
 .eh_frame      0x0000000000058238       0x38 build/w_main.o
                                         0x48 (size before relaxing)
 .eh_frame      0x0000000000058270      0x260 build/w_wad.o
                                        0x278 (size before relaxing)
 .eh_frame      0x00000000000584d0      0x208 build/z_zone.o
                                        0x218 (size before relaxing)
 .eh_frame      0x00000000000586d8       0x80 build/w_file_stdc.o
                                         0x90 (size before relaxing)
 .eh_frame      0x0000000000058758       0x48 build/i_input.o
                                         0x58 (size before relaxing)
 .eh_frame      0x00000000000587a0      0x1e8 build/i_video.o
                                        0x1f8 (size before relaxing)
 .eh_frame      0x0000000000058988       0x28 build/doomgeneric.o
                                         0x38 (size before relaxing)
 .eh_frame      0x00000000000589b0      0x12c build/doomgeneric_xlib.o
                                        0x140 (size before relaxing)
 .eh_frame      0x0000000000058adc        0x4 /usr/lib/gcc/aarch64-poky-linux/11.3.0/../../../aarch64-poky-linux/11.3.0/crtendS.o
 *(.eh_frame.*)

.gcc_except_table
 *(.gcc_except_table .gcc_except_table.*)

.gnu_extab
 *(.gnu_extab*)

.exception_ranges
 *(.exception_ranges*)
                0x0000000000068d90                . = DATA_SEGMENT_ALIGN (CONSTANT (MAXPAGESIZE), CONSTANT (COMMONPAGESIZE))

.eh_frame
 *(.eh_frame)
 *(.eh_frame.*)

.gnu_extab
 *(.gnu_extab)

.gcc_except_table
 *(.gcc_except_table .gcc_except_table.*)

.exception_ranges
 *(.exception_ranges*)

.tdata          0x0000000000068d90        0x0
                [!provide]                        PROVIDE (__tdata_start = .)
 *(.tdata .tdata.* .gnu.linkonce.td.*)

.tbss
 *(.tbss .tbss.* .gnu.linkonce.tb.*)
 *(.tcommon)

.preinit_array  0x0000000000068d90        0x0
                [!provide]                        PROVIDE (__preinit_array_start = .)
 *(.preinit_array)
                [!provide]                        PROVIDE (__preinit_array_end = .)

.init_array     0x0000000000068d90        0x8
                [!provide]                        PROVIDE (__init_array_start = .)
 *(SORT_BY_INIT_PRIORITY(.init_array.*) SORT_BY_INIT_PRIORITY(.ctors.*))
 *(.init_array EXCLUDE_FILE(*crtend?.o *crtend.o *crtbegin?.o *crtbegin.o) .ctors)
 .init_array    0x0000000000068d90        0x8 /usr/lib/gcc/aarch64-poky-linux/11.3.0/../../../aarch64-poky-linux/11.3.0/crtbeginS.o
                [!provide]                        PROVIDE (__init_array_end = .)

.fini_array     0x0000000000068d98        0x8
                [!provide]                        PROVIDE (__fini_array_start = .)
 *(SORT_BY_INIT_PRIORITY(.fini_array.*) SORT_BY_INIT_PRIORITY(.dtors.*))
 *(.fini_array EXCLUDE_FILE(*crtend?.o *crtend.o *crtbegin?.o *crtbegin.o) .dtors)
 .fini_array    0x0000000000068d98        0x8 /usr/lib/gcc/aarch64-poky-linux/11.3.0/../../../aarch64-poky-linux/11.3.0/crtbeginS.o
                [!provide]                        PROVIDE (__fini_array_end = .)

.ctors
 *crtbegin.o(.ctors)
 *crtbegin?.o(.ctors)
 *(EXCLUDE_FILE(*crtend?.o *crtend.o) .ctors)
 *(SORT_BY_NAME(.ctors.*))
 *(.ctors)

.dtors
 *crtbegin.o(.dtors)
 *crtbegin?.o(.dtors)
 *(EXCLUDE_FILE(*crtend?.o *crtend.o) .dtors)
 *(SORT_BY_NAME(.dtors.*))
 *(.dtors)

.jcr
 *(.jcr)

.data.rel.ro    0x0000000000068da0      0x588
 *(.data.rel.ro.local* .gnu.linkonce.d.rel.ro.local.*)
 .data.rel.ro.local
                0x0000000000068da0      0x150 build/d_iwad.o
 .data.rel.ro.local
                0x0000000000068ef0      0x120 build/d_main.o
 .data.rel.ro.local
                0x0000000000069010       0x30 build/f_wipe.o
 .data.rel.ro.local
                0x0000000000069040       0x20 build/m_menu.o
 .data.rel.ro.local
                0x0000000000069060       0x20 build/wi_stuff.o
 .data.rel.ro.local
                0x0000000000069080       0x40 build/w_wad.o
 *(.data.rel.ro .data.rel.ro.* .gnu.linkonce.d.rel.ro.*)
 .data.rel.ro   0x00000000000690c0        0x0 /usr/lib/gcc/aarch64-poky-linux/11.3.0/../../../Scrt1.o
 .data.rel.ro   0x00000000000690c0       0x40 build/g_game.o
 .data.rel.ro   0x0000000000069100      0x228 build/p_maputl.o

.dynamic        0x0000000000069328      0x220
 *(.dynamic)
 .dynamic       0x0000000000069328      0x220 /usr/lib/gcc/aarch64-poky-linux/11.3.0/../../../Scrt1.o
                0x0000000000069328                _DYNAMIC

.got            0x0000000000069548      0xaa0
 *(.got)
 .got           0x0000000000069548      0xaa0 /usr/lib/gcc/aarch64-poky-linux/11.3.0/../../../Scrt1.o
                0x0000000000069548                _GLOBAL_OFFSET_TABLE_
 *(.igot)
                0x0000000000069fe8                . = DATA_SEGMENT_RELRO_END (., 0x18)

.got.plt        0x0000000000069fe8      0x210
 *(.got.plt)
 .got.plt       0x0000000000069fe8      0x210 /usr/lib/gcc/aarch64-poky-linux/11.3.0/../../../Scrt1.o
 *(.igot.plt)

.data           0x000000000006a1f8    0x13410
                [!provide]                        PROVIDE (__data_start = .)
 *(.data .data.* .gnu.linkonce.d.*)
 .data.rel.local
                0x000000000006a1f8        0x8 /usr/lib/gcc/aarch64-poky-linux/11.3.0/../../../aarch64-poky-linux/11.3.0/crtbeginS.o
                0x000000000006a1f8                __dso_handle
 .data          0x000000000006a200      0x258 build/am_map.o
                0x000000000006a240                cheat_amap
                0x000000000006a288                cheat_player_arrow
                0x000000000006a388                player_arrow
                0x000000000006a3f8                thintriangle_guy
                0x000000000006a428                triangle_guy
 .data          0x000000000006a458        0x8 build/doomstat.o
                0x000000000006a458                gameversion
                0x000000000006a45c                gamemode
 .data.rel.local
                0x000000000006a460       0x80 build/dstrings.o
                0x000000000006a460                doom2_endmsg
                0x000000000006a4a0                doom1_endmsg
 .data          0x000000000006a4e0       0xd8 build/d_items.o
                0x000000000006a4e0                weaponinfo
 .data          0x000000000006a5b8        0x4 build/d_loop.o
 .data          0x000000000006a5bc        0xc build/d_main.o
                0x000000000006a5bc                show_endoom
                0x000000000006a5c4                wipegamestate
 .data.rel      0x000000000006a5c8       0x20 build/d_net.o
 .data.rel.local
                0x000000000006a5e8      0x3e0 build/f_finale.o
                0x000000000006a8a8                castorder
 .data          0x000000000006a9c8      0x148 build/g_game.o
                0x000000000006a9c8                sidemove
                0x000000000006a9d0                angleturn
                0x000000000006a9dc                forwardmove
                0x000000000006a9e4                cpars
                0x000000000006aa64                pars
                0x000000000006ab04                vanilla_savegame_limit
                0x000000000006ab08                precache
                0x000000000006ab0c                vanilla_demo_limit
 .data.rel.local
                0x000000000006ab10      0x4d8 build/hu_stuff.o
                0x000000000006ab10                mapnames
                0x000000000006ac78                mapnames_commercial
                0x000000000006af78                player_names
                0x000000000006af98                chat_macros
 .data          0x000000000006afe8     0x313c build/info.o
                0x000000000006afe8                mobjinfo
 *fill*         0x000000000006e124        0x4 
 .data.rel      0x000000000006e128     0x9718 build/info.o
                0x000000000006e128                states
 .data.rel.local
                0x0000000000077840      0x458 build/info.o
                0x0000000000077840                sprnames
 .data          0x0000000000077c98       0x34 build/i_joystick.o
 .data          0x0000000000077ccc       0x14 build/i_sound.o
                0x0000000000077ccc                snd_musicdevice
                0x0000000000077cd0                snd_sfxdevice
                0x0000000000077cd4                snd_maxslicetime_ms
                0x0000000000077cd8                snd_samplerate
                0x0000000000077cdc                snd_cachesize
 .data.rel.local
                0x0000000000077ce0        0x8 build/i_sound.o
                0x0000000000077ce0                snd_musiccmd
 .data          0x0000000000077ce8        0x4 build/i_system.o
 *fill*         0x0000000000077cec        0x4 
 .data.rel.local
                0x0000000000077cf0        0x8 build/i_system.o
 .data.rel.local
                0x0000000000077cf8     0x1890 build/m_config.o
 .data          0x0000000000079588      0x19c build/m_controls.o
                0x0000000000079588                key_right
                0x000000000007958c                key_left
                0x0000000000079590                key_up
                0x0000000000079594                key_down
                0x0000000000079598                key_strafeleft
                0x000000000007959c                key_straferight
                0x00000000000795a0                key_fire
                0x00000000000795a4                key_use
                0x00000000000795a8                key_strafe
                0x00000000000795ac                key_speed
                0x00000000000795b0                mousebstrafe
                0x00000000000795b4                mousebforward
                0x00000000000795b8                joybstrafe
                0x00000000000795bc                joybuse
                0x00000000000795c0                joybspeed
                0x00000000000795c4                joybmenu
                0x00000000000795c8                joybstrafeleft
                0x00000000000795cc                joybstraferight
                0x00000000000795d0                mousebstrafeleft
                0x00000000000795d4                mousebstraferight
                0x00000000000795d8                mousebuse
                0x00000000000795dc                mousebbackward
                0x00000000000795e0                dclick_use
                0x00000000000795e4                key_pause
                0x00000000000795e8                key_message_refresh
                0x00000000000795ec                key_flyup
                0x00000000000795f0                key_flydown
                0x00000000000795f4                key_flycenter
                0x00000000000795f8                key_lookup
                0x00000000000795fc                key_lookdown
                0x0000000000079600                key_lookcenter
                0x0000000000079604                key_invleft
                0x0000000000079608                key_invright
                0x000000000007960c                key_useartifact
                0x0000000000079610                key_jump
                0x0000000000079614                mousebjump
                0x0000000000079618                joybjump
                0x000000000007961c                key_arti_all
                0x0000000000079620                key_arti_health
                0x0000000000079624                key_arti_poisonbag
                0x0000000000079628                key_arti_blastradius
                0x000000000007962c                key_arti_teleport
                0x0000000000079630                key_arti_teleportother
                0x0000000000079634                key_arti_egg
                0x0000000000079638                key_arti_invulnerability
                0x000000000007963c                key_usehealth
                0x0000000000079640                key_invquery
                0x0000000000079644                key_mission
                0x0000000000079648                key_invpop
                0x000000000007964c                key_invkey
                0x0000000000079650                key_invhome
                0x0000000000079654                key_invend